// Jest Snapshot v1, https://goo.gl/fbAQLP

exports[`ResilienceTraining should match snapshot 1`] = `
ShallowWrapper {
  "length": 1,
  Symbol(enzyme.__root__): [Circular],
  Symbol(enzyme.__unrendered__): <Unknown />,
  Symbol(enzyme.__renderer__): Object {
    "batchedUpdates": [Function],
    "getNode": [Function],
    "render": [Function],
    "simulateEvent": [Function],
    "unmount": [Function],
  },
  Symbol(enzyme.__node__): Object {
    "instance": null,
    "key": undefined,
    "nodeType": "host",
    "props": Object {
      "children": Array [
        <h1>
          ResilienceTraining
</h1>,
        <p
          className="first paragraph"
>
          I provide resiliency skills training to students, school staff, health care professionals and families. Resiliency training is an integrative skills-based model to help people develop self-awareness and skills to enhance physical, mental, and emotional health and well-being. This program integrates the best of movement, nutrition, and the psychology and practice of mindfulness to help restore resilience. Practicing resiliency skills can help calm your mind, deal skillfully with emotions, and open your heart to connection with self and others. These skills can help you function better with daily challenges and experience a more joyful life. Resiliency skills training has been extremely helpful to individuals, schools, families and businesses in developing core skills in restoring and strengthening mind, body and heart balance.
</p>,
      ],
    },
    "ref": null,
    "rendered": Array [
      Object {
        "instance": null,
        "key": undefined,
        "nodeType": "host",
        "props": Object {
          "children": "ResilienceTraining",
        },
        "ref": null,
        "rendered": "ResilienceTraining",
        "type": "h1",
      },
      Object {
        "instance": null,
        "key": undefined,
        "nodeType": "host",
        "props": Object {
          "children": "I provide resiliency skills training to students, school staff, health care professionals and families. Resiliency training is an integrative skills-based model to help people develop self-awareness and skills to enhance physical, mental, and emotional health and well-being. This program integrates the best of movement, nutrition, and the psychology and practice of mindfulness to help restore resilience. Practicing resiliency skills can help calm your mind, deal skillfully with emotions, and open your heart to connection with self and others. These skills can help you function better with daily challenges and experience a more joyful life. Resiliency skills training has been extremely helpful to individuals, schools, families and businesses in developing core skills in restoring and strengthening mind, body and heart balance.",
          "className": "first paragraph",
        },
        "ref": null,
        "rendered": "I provide resiliency skills training to students, school staff, health care professionals and families. Resiliency training is an integrative skills-based model to help people develop self-awareness and skills to enhance physical, mental, and emotional health and well-being. This program integrates the best of movement, nutrition, and the psychology and practice of mindfulness to help restore resilience. Practicing resiliency skills can help calm your mind, deal skillfully with emotions, and open your heart to connection with self and others. These skills can help you function better with daily challenges and experience a more joyful life. Resiliency skills training has been extremely helpful to individuals, schools, families and businesses in developing core skills in restoring and strengthening mind, body and heart balance.",
        "type": "p",
      },
    ],
    "type": "div",
  },
  Symbol(enzyme.__nodes__): Array [
    Object {
      "instance": null,
      "key": undefined,
      "nodeType": "host",
      "props": Object {
        "children": Array [
          <h1>
            ResilienceTraining
</h1>,
          <p
            className="first paragraph"
>
            I provide resiliency skills training to students, school staff, health care professionals and families. Resiliency training is an integrative skills-based model to help people develop self-awareness and skills to enhance physical, mental, and emotional health and well-being. This program integrates the best of movement, nutrition, and the psychology and practice of mindfulness to help restore resilience. Practicing resiliency skills can help calm your mind, deal skillfully with emotions, and open your heart to connection with self and others. These skills can help you function better with daily challenges and experience a more joyful life. Resiliency skills training has been extremely helpful to individuals, schools, families and businesses in developing core skills in restoring and strengthening mind, body and heart balance.
</p>,
        ],
      },
      "ref": null,
      "rendered": Array [
        Object {
          "instance": null,
          "key": undefined,
          "nodeType": "host",
          "props": Object {
            "children": "ResilienceTraining",
          },
          "ref": null,
          "rendered": "ResilienceTraining",
          "type": "h1",
        },
        Object {
          "instance": null,
          "key": undefined,
          "nodeType": "host",
          "props": Object {
            "children": "I provide resiliency skills training to students, school staff, health care professionals and families. Resiliency training is an integrative skills-based model to help people develop self-awareness and skills to enhance physical, mental, and emotional health and well-being. This program integrates the best of movement, nutrition, and the psychology and practice of mindfulness to help restore resilience. Practicing resiliency skills can help calm your mind, deal skillfully with emotions, and open your heart to connection with self and others. These skills can help you function better with daily challenges and experience a more joyful life. Resiliency skills training has been extremely helpful to individuals, schools, families and businesses in developing core skills in restoring and strengthening mind, body and heart balance.",
            "className": "first paragraph",
          },
          "ref": null,
          "rendered": "I provide resiliency skills training to students, school staff, health care professionals and families. Resiliency training is an integrative skills-based model to help people develop self-awareness and skills to enhance physical, mental, and emotional health and well-being. This program integrates the best of movement, nutrition, and the psychology and practice of mindfulness to help restore resilience. Practicing resiliency skills can help calm your mind, deal skillfully with emotions, and open your heart to connection with self and others. These skills can help you function better with daily challenges and experience a more joyful life. Resiliency skills training has been extremely helpful to individuals, schools, families and businesses in developing core skills in restoring and strengthening mind, body and heart balance.",
          "type": "p",
        },
      ],
      "type": "div",
    },
  ],
  Symbol(enzyme.__options__): Object {
    "adapter": ReactSixteenAdapter {
      "options": Object {
        "enableComponentDidUpdateOnSetState": true,
      },
    },
  },
}
`;
