// Jest Snapshot v1, https://goo.gl/fbAQLP

exports[`Header should match snapshot 1`] = `
ShallowWrapper {
  "length": 1,
  Symbol(enzyme.__root__): [Circular],
  Symbol(enzyme.__unrendered__): <Header />,
  Symbol(enzyme.__renderer__): Object {
    "batchedUpdates": [Function],
    "getNode": [Function],
    "render": [Function],
    "simulateEvent": [Function],
    "unmount": [Function],
  },
  Symbol(enzyme.__node__): Object {
    "instance": null,
    "key": undefined,
    "nodeType": "host",
    "props": Object {
      "children": Array [
        <h1
          className="app-name"
>
          Kevin Harrington, Ph.D.
</h1>,
        <ul
          className="menu"
>
          <div
                    className="dropdown"
          >
                    <NavLink
                              activeClassName="active"
                              aria-current="page"
                              className=" active"
                              to="/"
                    >
                              Home
                    </NavLink>
          </div>
          <div
                    className="dropdown"
          >
                    <NavLink
                              activeClassName="active"
                              aria-current="page"
                              className="nav drop-btn"
                              to="/resilience"
                    >
                              Resilience Training
                    </NavLink>
          </div>
          <div
                    className="dropdown"
          >
                    <NavLink
                              activeClassName="active"
                              aria-current="page"
                              className="nav drop-btn"
                              to="/parenting"
                    >
                              Parenting Seminars
                    </NavLink>
          </div>
          <div
                    className="dropdown"
          >
                    <NavLink
                              activeClassName="active"
                              aria-current="page"
                              className="nav drop-btn"
                              to="/psychotherapy"
                    >
                              Psychotherapy
                    </NavLink>
          </div>
          <div
                    className="dropdown"
          >
                    <NavLink
                              activeClassName="active"
                              aria-current="page"
                              className="nav drop-btn"
                              to="/family"
                    >
                              Family Coaching
                    </NavLink>
          </div>
          <div
                    className="dropdown"
          >
                    <NavLink
                              activeClassName="active"
                              aria-current="page"
                              className="nav drop-btn"
                              to="/contact"
                    >
                              Contact
                    </NavLink>
          </div>
          <a
                    className="icon"
                    onClick={[Function]}
          >
                    ☰
          </a>
</ul>,
      ],
      "className": "topnav",
      "id": "myTopnav",
    },
    "ref": null,
    "rendered": Array [
      Object {
        "instance": null,
        "key": undefined,
        "nodeType": "host",
        "props": Object {
          "children": "Kevin Harrington, Ph.D.",
          "className": "app-name",
        },
        "ref": null,
        "rendered": "Kevin Harrington, Ph.D.",
        "type": "h1",
      },
      Object {
        "instance": null,
        "key": undefined,
        "nodeType": "host",
        "props": Object {
          "children": Array [
            <div
              className="dropdown"
>
              <NavLink
                            activeClassName="active"
                            aria-current="page"
                            className=" active"
                            to="/"
              >
                            Home
              </NavLink>
</div>,
            <div
              className="dropdown"
>
              <NavLink
                            activeClassName="active"
                            aria-current="page"
                            className="nav drop-btn"
                            to="/resilience"
              >
                            Resilience Training
              </NavLink>
</div>,
            <div
              className="dropdown"
>
              <NavLink
                            activeClassName="active"
                            aria-current="page"
                            className="nav drop-btn"
                            to="/parenting"
              >
                            Parenting Seminars
              </NavLink>
</div>,
            <div
              className="dropdown"
>
              <NavLink
                            activeClassName="active"
                            aria-current="page"
                            className="nav drop-btn"
                            to="/psychotherapy"
              >
                            Psychotherapy
              </NavLink>
</div>,
            <div
              className="dropdown"
>
              <NavLink
                            activeClassName="active"
                            aria-current="page"
                            className="nav drop-btn"
                            to="/family"
              >
                            Family Coaching
              </NavLink>
</div>,
            <div
              className="dropdown"
>
              <NavLink
                            activeClassName="active"
                            aria-current="page"
                            className="nav drop-btn"
                            to="/contact"
              >
                            Contact
              </NavLink>
</div>,
            <a
              className="icon"
              onClick={[Function]}
>
              ☰
</a>,
          ],
          "className": "menu",
        },
        "ref": null,
        "rendered": Array [
          Object {
            "instance": null,
            "key": undefined,
            "nodeType": "host",
            "props": Object {
              "children": <NavLink
                activeClassName="active"
                aria-current="page"
                className=" active"
                to="/"
>
                Home
</NavLink>,
              "className": "dropdown",
            },
            "ref": null,
            "rendered": Object {
              "instance": null,
              "key": undefined,
              "nodeType": "function",
              "props": Object {
                "activeClassName": "active",
                "aria-current": "page",
                "children": "Home",
                "className": " active",
                "to": "/",
              },
              "ref": null,
              "rendered": "Home",
              "type": [Function],
            },
            "type": "div",
          },
          Object {
            "instance": null,
            "key": undefined,
            "nodeType": "host",
            "props": Object {
              "children": <NavLink
                activeClassName="active"
                aria-current="page"
                className="nav drop-btn"
                to="/resilience"
>
                Resilience Training
</NavLink>,
              "className": "dropdown",
            },
            "ref": null,
            "rendered": Object {
              "instance": null,
              "key": undefined,
              "nodeType": "function",
              "props": Object {
                "activeClassName": "active",
                "aria-current": "page",
                "children": "Resilience Training",
                "className": "nav drop-btn",
                "to": "/resilience",
              },
              "ref": null,
              "rendered": "Resilience Training",
              "type": [Function],
            },
            "type": "div",
          },
          Object {
            "instance": null,
            "key": undefined,
            "nodeType": "host",
            "props": Object {
              "children": <NavLink
                activeClassName="active"
                aria-current="page"
                className="nav drop-btn"
                to="/parenting"
>
                Parenting Seminars
</NavLink>,
              "className": "dropdown",
            },
            "ref": null,
            "rendered": Object {
              "instance": null,
              "key": undefined,
              "nodeType": "function",
              "props": Object {
                "activeClassName": "active",
                "aria-current": "page",
                "children": "Parenting Seminars",
                "className": "nav drop-btn",
                "to": "/parenting",
              },
              "ref": null,
              "rendered": "Parenting Seminars",
              "type": [Function],
            },
            "type": "div",
          },
          Object {
            "instance": null,
            "key": undefined,
            "nodeType": "host",
            "props": Object {
              "children": <NavLink
                activeClassName="active"
                aria-current="page"
                className="nav drop-btn"
                to="/psychotherapy"
>
                Psychotherapy
</NavLink>,
              "className": "dropdown",
            },
            "ref": null,
            "rendered": Object {
              "instance": null,
              "key": undefined,
              "nodeType": "function",
              "props": Object {
                "activeClassName": "active",
                "aria-current": "page",
                "children": "Psychotherapy",
                "className": "nav drop-btn",
                "to": "/psychotherapy",
              },
              "ref": null,
              "rendered": "Psychotherapy",
              "type": [Function],
            },
            "type": "div",
          },
          Object {
            "instance": null,
            "key": undefined,
            "nodeType": "host",
            "props": Object {
              "children": <NavLink
                activeClassName="active"
                aria-current="page"
                className="nav drop-btn"
                to="/family"
>
                Family Coaching
</NavLink>,
              "className": "dropdown",
            },
            "ref": null,
            "rendered": Object {
              "instance": null,
              "key": undefined,
              "nodeType": "function",
              "props": Object {
                "activeClassName": "active",
                "aria-current": "page",
                "children": "Family Coaching",
                "className": "nav drop-btn",
                "to": "/family",
              },
              "ref": null,
              "rendered": "Family Coaching",
              "type": [Function],
            },
            "type": "div",
          },
          Object {
            "instance": null,
            "key": undefined,
            "nodeType": "host",
            "props": Object {
              "children": <NavLink
                activeClassName="active"
                aria-current="page"
                className="nav drop-btn"
                to="/contact"
>
                Contact
</NavLink>,
              "className": "dropdown",
            },
            "ref": null,
            "rendered": Object {
              "instance": null,
              "key": undefined,
              "nodeType": "function",
              "props": Object {
                "activeClassName": "active",
                "aria-current": "page",
                "children": "Contact",
                "className": "nav drop-btn",
                "to": "/contact",
              },
              "ref": null,
              "rendered": "Contact",
              "type": [Function],
            },
            "type": "div",
          },
          Object {
            "instance": null,
            "key": undefined,
            "nodeType": "host",
            "props": Object {
              "children": "☰",
              "className": "icon",
              "onClick": [Function],
            },
            "ref": null,
            "rendered": "☰",
            "type": "a",
          },
        ],
        "type": "ul",
      },
    ],
    "type": "header",
  },
  Symbol(enzyme.__nodes__): Array [
    Object {
      "instance": null,
      "key": undefined,
      "nodeType": "host",
      "props": Object {
        "children": Array [
          <h1
            className="app-name"
>
            Kevin Harrington, Ph.D.
</h1>,
          <ul
            className="menu"
>
            <div
                        className="dropdown"
            >
                        <NavLink
                                    activeClassName="active"
                                    aria-current="page"
                                    className=" active"
                                    to="/"
                        >
                                    Home
                        </NavLink>
            </div>
            <div
                        className="dropdown"
            >
                        <NavLink
                                    activeClassName="active"
                                    aria-current="page"
                                    className="nav drop-btn"
                                    to="/resilience"
                        >
                                    Resilience Training
                        </NavLink>
            </div>
            <div
                        className="dropdown"
            >
                        <NavLink
                                    activeClassName="active"
                                    aria-current="page"
                                    className="nav drop-btn"
                                    to="/parenting"
                        >
                                    Parenting Seminars
                        </NavLink>
            </div>
            <div
                        className="dropdown"
            >
                        <NavLink
                                    activeClassName="active"
                                    aria-current="page"
                                    className="nav drop-btn"
                                    to="/psychotherapy"
                        >
                                    Psychotherapy
                        </NavLink>
            </div>
            <div
                        className="dropdown"
            >
                        <NavLink
                                    activeClassName="active"
                                    aria-current="page"
                                    className="nav drop-btn"
                                    to="/family"
                        >
                                    Family Coaching
                        </NavLink>
            </div>
            <div
                        className="dropdown"
            >
                        <NavLink
                                    activeClassName="active"
                                    aria-current="page"
                                    className="nav drop-btn"
                                    to="/contact"
                        >
                                    Contact
                        </NavLink>
            </div>
            <a
                        className="icon"
                        onClick={[Function]}
            >
                        ☰
            </a>
</ul>,
        ],
        "className": "topnav",
        "id": "myTopnav",
      },
      "ref": null,
      "rendered": Array [
        Object {
          "instance": null,
          "key": undefined,
          "nodeType": "host",
          "props": Object {
            "children": "Kevin Harrington, Ph.D.",
            "className": "app-name",
          },
          "ref": null,
          "rendered": "Kevin Harrington, Ph.D.",
          "type": "h1",
        },
        Object {
          "instance": null,
          "key": undefined,
          "nodeType": "host",
          "props": Object {
            "children": Array [
              <div
                className="dropdown"
>
                <NavLink
                                activeClassName="active"
                                aria-current="page"
                                className=" active"
                                to="/"
                >
                                Home
                </NavLink>
</div>,
              <div
                className="dropdown"
>
                <NavLink
                                activeClassName="active"
                                aria-current="page"
                                className="nav drop-btn"
                                to="/resilience"
                >
                                Resilience Training
                </NavLink>
</div>,
              <div
                className="dropdown"
>
                <NavLink
                                activeClassName="active"
                                aria-current="page"
                                className="nav drop-btn"
                                to="/parenting"
                >
                                Parenting Seminars
                </NavLink>
</div>,
              <div
                className="dropdown"
>
                <NavLink
                                activeClassName="active"
                                aria-current="page"
                                className="nav drop-btn"
                                to="/psychotherapy"
                >
                                Psychotherapy
                </NavLink>
</div>,
              <div
                className="dropdown"
>
                <NavLink
                                activeClassName="active"
                                aria-current="page"
                                className="nav drop-btn"
                                to="/family"
                >
                                Family Coaching
                </NavLink>
</div>,
              <div
                className="dropdown"
>
                <NavLink
                                activeClassName="active"
                                aria-current="page"
                                className="nav drop-btn"
                                to="/contact"
                >
                                Contact
                </NavLink>
</div>,
              <a
                className="icon"
                onClick={[Function]}
>
                ☰
</a>,
            ],
            "className": "menu",
          },
          "ref": null,
          "rendered": Array [
            Object {
              "instance": null,
              "key": undefined,
              "nodeType": "host",
              "props": Object {
                "children": <NavLink
                  activeClassName="active"
                  aria-current="page"
                  className=" active"
                  to="/"
>
                  Home
</NavLink>,
                "className": "dropdown",
              },
              "ref": null,
              "rendered": Object {
                "instance": null,
                "key": undefined,
                "nodeType": "function",
                "props": Object {
                  "activeClassName": "active",
                  "aria-current": "page",
                  "children": "Home",
                  "className": " active",
                  "to": "/",
                },
                "ref": null,
                "rendered": "Home",
                "type": [Function],
              },
              "type": "div",
            },
            Object {
              "instance": null,
              "key": undefined,
              "nodeType": "host",
              "props": Object {
                "children": <NavLink
                  activeClassName="active"
                  aria-current="page"
                  className="nav drop-btn"
                  to="/resilience"
>
                  Resilience Training
</NavLink>,
                "className": "dropdown",
              },
              "ref": null,
              "rendered": Object {
                "instance": null,
                "key": undefined,
                "nodeType": "function",
                "props": Object {
                  "activeClassName": "active",
                  "aria-current": "page",
                  "children": "Resilience Training",
                  "className": "nav drop-btn",
                  "to": "/resilience",
                },
                "ref": null,
                "rendered": "Resilience Training",
                "type": [Function],
              },
              "type": "div",
            },
            Object {
              "instance": null,
              "key": undefined,
              "nodeType": "host",
              "props": Object {
                "children": <NavLink
                  activeClassName="active"
                  aria-current="page"
                  className="nav drop-btn"
                  to="/parenting"
>
                  Parenting Seminars
</NavLink>,
                "className": "dropdown",
              },
              "ref": null,
              "rendered": Object {
                "instance": null,
                "key": undefined,
                "nodeType": "function",
                "props": Object {
                  "activeClassName": "active",
                  "aria-current": "page",
                  "children": "Parenting Seminars",
                  "className": "nav drop-btn",
                  "to": "/parenting",
                },
                "ref": null,
                "rendered": "Parenting Seminars",
                "type": [Function],
              },
              "type": "div",
            },
            Object {
              "instance": null,
              "key": undefined,
              "nodeType": "host",
              "props": Object {
                "children": <NavLink
                  activeClassName="active"
                  aria-current="page"
                  className="nav drop-btn"
                  to="/psychotherapy"
>
                  Psychotherapy
</NavLink>,
                "className": "dropdown",
              },
              "ref": null,
              "rendered": Object {
                "instance": null,
                "key": undefined,
                "nodeType": "function",
                "props": Object {
                  "activeClassName": "active",
                  "aria-current": "page",
                  "children": "Psychotherapy",
                  "className": "nav drop-btn",
                  "to": "/psychotherapy",
                },
                "ref": null,
                "rendered": "Psychotherapy",
                "type": [Function],
              },
              "type": "div",
            },
            Object {
              "instance": null,
              "key": undefined,
              "nodeType": "host",
              "props": Object {
                "children": <NavLink
                  activeClassName="active"
                  aria-current="page"
                  className="nav drop-btn"
                  to="/family"
>
                  Family Coaching
</NavLink>,
                "className": "dropdown",
              },
              "ref": null,
              "rendered": Object {
                "instance": null,
                "key": undefined,
                "nodeType": "function",
                "props": Object {
                  "activeClassName": "active",
                  "aria-current": "page",
                  "children": "Family Coaching",
                  "className": "nav drop-btn",
                  "to": "/family",
                },
                "ref": null,
                "rendered": "Family Coaching",
                "type": [Function],
              },
              "type": "div",
            },
            Object {
              "instance": null,
              "key": undefined,
              "nodeType": "host",
              "props": Object {
                "children": <NavLink
                  activeClassName="active"
                  aria-current="page"
                  className="nav drop-btn"
                  to="/contact"
>
                  Contact
</NavLink>,
                "className": "dropdown",
              },
              "ref": null,
              "rendered": Object {
                "instance": null,
                "key": undefined,
                "nodeType": "function",
                "props": Object {
                  "activeClassName": "active",
                  "aria-current": "page",
                  "children": "Contact",
                  "className": "nav drop-btn",
                  "to": "/contact",
                },
                "ref": null,
                "rendered": "Contact",
                "type": [Function],
              },
              "type": "div",
            },
            Object {
              "instance": null,
              "key": undefined,
              "nodeType": "host",
              "props": Object {
                "children": "☰",
                "className": "icon",
                "onClick": [Function],
              },
              "ref": null,
              "rendered": "☰",
              "type": "a",
            },
          ],
          "type": "ul",
        },
      ],
      "type": "header",
    },
  ],
  Symbol(enzyme.__options__): Object {
    "adapter": ReactSixteenAdapter {
      "options": Object {
        "enableComponentDidUpdateOnSetState": true,
      },
    },
  },
}
`;
